########## promptAnalysis ##########


promptAnalysis.alan

    3.    Say This.
=====>        1

  *1*   421 E : THIS instance is not defined in this context.


        1 error(s).
        No detected warnings.
        1 informational message(s).

