########## alan article ##########

        No warnings or errors detected.

########## arun article ##########


L1
This is the description of a described object. There is an unknown object
, something, a thing, a mentioned object and an unmentionable object here.

> 

Do you want to RESTART, RESTORE or QUIT ? 
