########## depending0 ##########

        No warnings or errors detected.


Execute1 execute2 execute3 execute4 execute5 execute this last


L

> 

Do you want to UNDO, RESTART, RESTORE or QUIT ? 
