########## hereInContainer ##########

        No warnings or errors detected.


X is here.


L
There is a cont here.

> 

Do you want to UNDO, RESTART, RESTORE or QUIT ? 
