########## inheritedDescription1 ##########

        No warnings or errors detected.



L
There is a little thing here. There is a thing here.

> 

Do you want to UNDO, RESTART, RESTORE or QUIT ? 
