########## iso ##########
../compiler/alan iso
../interpreter/arun -n iso < iso.input
########## /bin/sh  iso.tst ##########

        No warnings or errors detected.
        2 informational message(s).



Едцедц

> 

Do you want to RESTART, RESTORE or QUIT ? 
