########## mail ##########
../compiler/alan mail
../interpreter/arun.exe -n mail < mail.input
########## /bin/sh  mail.tst ##########

        No warnings or errors detected.
        2 informational message(s).


L.
There is a mail box and a some mail here.

> take mail
Taken.

> take mail box
Taken.

> 

Do you want to RESTART, RESTORE or QUIT ? 
