########## pureContainer ##########

        No warnings or errors detected.


Spring is in the air.


L

> 

Do you want to UNDO, RESTART, RESTORE or QUIT ? 
