########## restriction1 ##########

        No warnings or errors detected.



L
There is a o here. There is a here.

> x the o
Was an object.

> x the a
Should be an object.

> 

> 

Do you want to UNDO, RESTART, RESTORE or QUIT ? 
