########## sayTheReference ##########

        No warnings or errors detected.



L
The l

> 

Do you want to UNDO, RESTART, RESTORE or QUIT ? 
