########## script ##########

        No warnings or errors detected.



L
Torbjörn is here.

> z
Swimming.

> z
Doing 12.

> z

> 

Do you want to UNDO, RESTART, RESTORE or QUIT ? 
