########## setInstanceAttributeAttribute ##########

        No warnings or errors detected.


4 5


L

> 

Do you want to UNDO, RESTART, RESTORE or QUIT ? 
