########## setSetExpression ##########

        No warnings or errors detected.


LocationSet should = 2, actual = 2.

L1 l2 Should be "l1 & l2".



L1

> 

Do you want to UNDO, RESTART, RESTORE or QUIT ? 
