########## sum_of_weight_in ##########

        No warnings or errors detected.



L
The balance is not in balance.

> 

Do you want to UNDO, RESTART, RESTORE or QUIT ? 
