########## whee ##########

        No warnings or errors detected.



Kitchen
Whee!

> e
Hallway

> w
Kitchen
Whee!

> 

> 

Do you want to UNDO, RESTART, RESTORE or QUIT ? 
