########## reevent ##########

Event e
  ""
End Event e.

Event e
  ""
End Event e.


The l Isa location
  
End The l.

Start At l.
  
