########## pourVessel ##########


../classes.i

  648.2 		IF COUNT IN worn, ISA CLOTHING > 0
=====>  		         1

  *1*   451 W : Filter using IN transitively can possibly return instances of
                any type. If this is not what you want use 'Directly In'
                instead.

  667.2 				IF COUNT ISA OBJECT, IN THIS > 0		-- if the piece of clothing conta
        ins
=====>  				                     1

  *1*   451 W : Filter using IN transitively can possibly return instances of
                any type. If this is not what you want use 'Directly In'
                instead.

 2356.2 		IF COUNT ISA THING, IN THIS > 0  			-- This if-statement will make a 
        description of an
=====>  		                    1

  *1*   451 W : Filter using IN transitively can possibly return instances of
                any type. If this is not what you want use 'Directly In'
                instead.

 2602.2 			IF COUNT ISA CLOTHING, IN worn > 0
=====>  			                       1

  *1*   451 W : Filter using IN transitively can possibly return instances of
                any type. If this is not what you want use 'Directly In'
                instead.




../verbs.i

 1958.2 		IF COUNT ISA OBJECT, IN obj = 0
=====>  		                     1

  *1*   451 W : Filter using IN transitively can possibly return instances of
                any type. If this is not what you want use 'Directly In'
                instead.

 2096.2 		IF COUNT ISA OBJECT, IN obj = 0
=====>  		                     1

  *1*   451 W : Filter using IN transitively can possibly return instances of
                any type. If this is not what you want use 'Directly In'
                instead.

 2223.2 		IF COUNT ISA OBJECT, IN obj = 0
=====>  		                     1

  *1*   451 W : Filter using IN transitively can possibly return instances of
                any type. If this is not what you want use 'Directly In'
                instead.

 2676.2 	CHECK COUNT ISA WEAPON, IS fireable, IN hero > 0
=====>  	                                     1

  *1*   451 W : Filter using IN transitively can possibly return instances of
                any type. If this is not what you want use 'Directly In'
                instead.

 3123.2 		IF COUNT IN worn > 0		-- See the file 'classes.i', subclass 'clothing
        '.
=====>  		         1

  *1*   451 W : Filter using IN transitively can possibly return instances of
                any type. If this is not what you want use 'Directly In'
                instead.

 5670.2 	AND COUNT ISA WEAPON, IS fireable, IN hero > 0
=====>  	                                   1

  *1*   451 W : Filter using IN transitively can possibly return instances of
                any type. If this is not what you want use 'Directly In'
                instead.



        No detected errors.
        10 warning(s).



Loc
There is a bottle here. The bottle contains a juice.

> pour bottle
(taking the bottle first)
You pour the contents of the bottle on the ground.

> 

Do you want to RESTART, RESTORE, QUIT or UNDO? 
